 259 266 345 419 259 1768 9782
 11290 193416









 30273 4836
 30273 4836
 30273 4025
 30273 4025
 30273 4025 309
 30273 261 4836 309
 30273 261 4836 309
 714 339 259 243 162 169 156 260 297 3758
 414 63915 617 33004 22100 331 263 6386 1495
 401 2931 310 152043
 259 104064 164022 71179 71937 20975 90032
 259 240762 274 9523 271 259 244329 259 247661 4667 274 53114 259 183956 263 450 2162 278 7670 271 82146 274 8917 259 183956 533 1070 2476 5810 259 67185 271
 30273
 30273
 30273
 30273
 30273
 30273 30273
 274
 259 349
 259 277 3415
 30273 261 259 276 277 3765 309 5100 418 521 259 137651 259 291 114064 1083 57378 6573 68196 35505 2910 2789
 259 86160
 381
 3549
 63859
 259 79091
 259 210548
 259 128111
 381 128111
 3549 128111
 63859 128111
 371 1642 262 4674
 2451 36190
 259 240762 274 9523 271 259 244329 259 247661 4667 274 53114 259 183956 263 450 2162 278 7670 271 82146 259 243 162 169 156 243 162 169 156 381 3549 63859 259 79091 259 210548 259 128111 381 128111 3549 128111 55527 1501 260 328 381 302 328 259 104064 164022 71179 137651 259 291 114064 1083 57378 6573 68196 35505 2910 2789 259 66768 8803 153920 401 2931 310 152043 259 277 211917 17654 17654 206122 234610 4329 86160 89231 336 277 857 2101 259 277 16694 790 277 263 2108 261 259 277 9297 521 7779 291 259 277 511 776 7779 336 277 1578 2149 609 261 259 277 403 521 1469 2155 22017 291 1306 277 30702 259 262 277 280 547
